// Jest Snapshot v1, https://goo.gl/fbAQLP

exports[`BuyButton renders correctly 1`] = `
<RNCSafeAreaProvider
  onInsetsChange={[Function]}
  style={
    Array [
      Object {
        "flex": 1,
      },
      undefined,
    ]
  }
/>
`;

exports[`addToCartButton renders correctly 1`] = `<addToCartButton />`;

exports[`collectButton renders correctly 1`] = `<collectButton />`;
